// Jest Snapshot v1, https://goo.gl/fbAQLP

exports[`filterReducer handles filter_posts action 1`] = `
Object {
  "searchTerm": "",
}
`;

exports[`filterReducer returns the same state for filter reducer on an unhandled action 1`] = `
Object {
  "searchTerm": "",
}
`;
